2026-06-25 19:17:21,103 INFO o.a.j.u.JMeterUtils: Setting Locale to en_EN
2026-06-25 19:17:21,128 INFO o.a.j.JMeter: Loading user properties from: /home/julian/apps/apache-jmeter-5.6.3/bin/user.properties
2026-06-25 19:17:21,129 INFO o.a.j.JMeter: Loading system properties from: /home/julian/apps/apache-jmeter-5.6.3/bin/system.properties
2026-06-25 19:17:21,135 INFO o.a.j.JMeter: Copyright (c) 1998-2024 The Apache Software Foundation
2026-06-25 19:17:21,135 INFO o.a.j.JMeter: Version 5.6.3
2026-06-25 19:17:21,136 INFO o.a.j.JMeter: java.version=21.0.11
2026-06-25 19:17:21,136 INFO o.a.j.JMeter: java.vm.name=OpenJDK 64-Bit Server VM
2026-06-25 19:17:21,136 INFO o.a.j.JMeter: os.name=Linux
2026-06-25 19:17:21,136 INFO o.a.j.JMeter: os.arch=amd64
2026-06-25 19:17:21,136 INFO o.a.j.JMeter: os.version=6.12.90+deb13.1-amd64
2026-06-25 19:17:21,136 INFO o.a.j.JMeter: file.encoding=UTF-8
2026-06-25 19:17:21,136 INFO o.a.j.JMeter: java.awt.headless=null
2026-06-25 19:17:21,136 INFO o.a.j.JMeter: Max memory     =1073741824
2026-06-25 19:17:21,136 INFO o.a.j.JMeter: Available Processors =8
2026-06-25 19:17:21,148 INFO o.a.j.JMeter: Default Locale=English (EN)
2026-06-25 19:17:21,149 INFO o.a.j.JMeter: JMeter  Locale=English (EN)
2026-06-25 19:17:21,149 INFO o.a.j.JMeter: JMeterHome=/home/julian/apps/apache-jmeter-5.6.3
2026-06-25 19:17:21,149 INFO o.a.j.JMeter: user.dir  =/etc/apache2/sites-available/axxion/AXXION_SYSTEM_
2026-06-25 19:17:21,149 INFO o.a.j.JMeter: PWD       =/etc/apache2/sites-available/axxion/AXXION_SYSTEM_
2026-06-25 19:17:21,150 INFO o.a.j.JMeter: IP: 127.0.1.1 Name: debian FullName: debian
2026-06-25 19:17:21,170 INFO o.a.j.JMeter: Loaded icon properties from org/apache/jmeter/images/icon.properties
2026-06-25 19:17:21,528 INFO o.a.j.JMeterGuiLauncher: Setting LAF to: com.github.weisj.darklaf.DarkLaf:com.github.weisj.darklaf.theme.DarculaTheme
2026-06-25 20:56:57,856 INFO o.a.j.p.h.s.HTTPSamplerBase: Parser for text/html is org.apache.jmeter.protocol.http.parser.LagartoBasedHtmlParser
2026-06-25 20:56:57,858 INFO o.a.j.p.h.s.HTTPSamplerBase: Parser for application/xhtml+xml is org.apache.jmeter.protocol.http.parser.LagartoBasedHtmlParser
2026-06-25 20:56:57,858 INFO o.a.j.p.h.s.HTTPSamplerBase: Parser for application/xml is org.apache.jmeter.protocol.http.parser.LagartoBasedHtmlParser
2026-06-25 20:56:57,859 INFO o.a.j.p.h.s.HTTPSamplerBase: Parser for text/xml is org.apache.jmeter.protocol.http.parser.LagartoBasedHtmlParser
2026-06-25 20:56:57,859 INFO o.a.j.p.h.s.HTTPSamplerBase: Parser for text/vnd.wap.wml is org.apache.jmeter.protocol.http.parser.RegexpHTMLParser
2026-06-25 20:56:57,859 INFO o.a.j.p.h.s.HTTPSamplerBase: Parser for text/css is org.apache.jmeter.protocol.http.parser.CssParser
2026-06-25 21:05:39,986 INFO o.a.j.s.SampleResult: Note: Sample TimeStamps are START times
2026-06-25 21:05:39,986 INFO o.a.j.s.SampleResult: sampleresult.default.encoding is set to UTF-8
2026-06-25 21:05:39,986 INFO o.a.j.s.SampleResult: sampleresult.useNanoTime=true
2026-06-25 21:05:39,987 INFO o.a.j.s.SampleResult: sampleresult.nanoThreadSleep=5000
2026-06-25 21:17:42,666 INFO o.a.j.s.FileServer: Default base='/etc/apache2/sites-available/axxion/AXXION_SYSTEM_'
2026-06-25 21:17:42,668 INFO o.a.j.s.FileServer: Set new base='/etc/apache2/sites-available/axxion/AXXION_SYSTEM_'
2026-06-25 21:17:42,954 INFO o.a.j.s.SaveService: Testplan (JMX) version: 2.2. Testlog (JTL) version: 2.2
2026-06-25 21:17:42,966 INFO o.a.j.s.SaveService: Using SaveService properties version 5.0
2026-06-25 21:17:42,969 INFO o.a.j.s.SaveService: Using SaveService properties file encoding UTF-8
2026-06-25 21:17:43,013 INFO o.a.j.e.StandardJMeterEngine: Running the test!
2026-06-25 21:17:43,015 INFO o.a.j.s.SampleEvent: List of sample_variables: []
2026-06-25 21:17:43,015 INFO o.a.j.s.SampleEvent: List of sample_variables: []
2026-06-25 21:17:43,017 INFO o.a.j.e.u.CompoundVariable: Note: Function class names must contain the string: '.functions.'
2026-06-25 21:17:43,018 INFO o.a.j.e.u.CompoundVariable: Note: Function class names must not contain the string: '.gui.'
2026-06-25 21:17:43,170 INFO o.a.j.g.u.JMeterMenuBar: setRunning(true, *local*)
2026-06-25 21:17:43,284 INFO o.a.j.e.StandardJMeterEngine: Starting ThreadGroup: 1 : Thread Group
2026-06-25 21:17:43,285 INFO o.a.j.e.StandardJMeterEngine: Starting 1 threads for group Thread Group.
2026-06-25 21:17:43,285 INFO o.a.j.e.StandardJMeterEngine: Thread will continue on error
2026-06-25 21:17:43,285 INFO o.a.j.t.ThreadGroup: Starting thread group... number=1 threads=1 ramp-up=1 delayedStart=false
2026-06-25 21:17:43,293 INFO o.a.j.t.ThreadGroup: Started thread group number 1
2026-06-25 21:17:43,294 INFO o.a.j.e.StandardJMeterEngine: All thread groups have been started
2026-06-25 21:17:43,294 INFO o.a.j.t.JMeterThread: Thread started: Thread Group 1-1
2026-06-25 21:17:43,322 INFO o.a.j.p.h.s.HTTPHCAbstractImpl: Local host = debian
2026-06-25 21:17:43,342 INFO o.a.j.p.h.s.HTTPHC4Impl: HTTP request retry count = 0
2026-06-25 21:17:43,696 INFO o.a.j.p.h.s.h.LazyLayeredConnectionSocketFactory: Setting up HTTPS TrustAll Socket Factory
2026-06-25 21:17:43,701 INFO o.a.j.u.JsseSSLManager: Using default SSL protocol: TLS
2026-06-25 21:17:43,702 INFO o.a.j.u.JsseSSLManager: SSL session context: per-thread
2026-06-25 21:17:44,064 INFO o.a.j.u.SSLManager: JmeterKeyStore Location:  type JKS
2026-06-25 21:17:44,069 INFO o.a.j.u.SSLManager: KeyStore created OK
2026-06-25 21:17:44,070 WARN o.a.j.u.SSLManager: Keystore file not found, loading empty keystore
2026-06-25 21:17:44,918 INFO o.a.j.t.JMeterThread: Thread is done: Thread Group 1-1
2026-06-25 21:17:44,918 INFO o.a.j.t.JMeterThread: Thread finished: Thread Group 1-1
2026-06-25 21:17:44,921 INFO o.a.j.e.StandardJMeterEngine: Notifying test listeners of end of test
2026-06-25 21:17:44,923 INFO o.a.j.g.u.JMeterMenuBar: setRunning(false, *local*)
2026-06-25 21:19:33,953 INFO o.a.j.e.StandardJMeterEngine: Running the test!
2026-06-25 21:19:33,954 INFO o.a.j.s.SampleEvent: List of sample_variables: []
2026-06-25 21:19:33,956 INFO o.a.j.g.u.JMeterMenuBar: setRunning(true, *local*)
2026-06-25 21:19:34,023 INFO o.a.j.e.StandardJMeterEngine: Starting ThreadGroup: 1 : Thread Group
2026-06-25 21:19:34,023 INFO o.a.j.e.StandardJMeterEngine: Starting 1 threads for group Thread Group.
2026-06-25 21:19:34,023 INFO o.a.j.e.StandardJMeterEngine: Thread will continue on error
2026-06-25 21:19:34,024 INFO o.a.j.t.ThreadGroup: Starting thread group... number=1 threads=1 ramp-up=1 delayedStart=false
2026-06-25 21:19:34,025 INFO o.a.j.t.ThreadGroup: Started thread group number 1
2026-06-25 21:19:34,025 INFO o.a.j.e.StandardJMeterEngine: All thread groups have been started
2026-06-25 21:19:34,025 INFO o.a.j.t.JMeterThread: Thread started: Thread Group 1-1
2026-06-25 21:19:34,751 INFO o.a.j.t.JMeterThread: Thread is done: Thread Group 1-1
2026-06-25 21:19:34,752 INFO o.a.j.t.JMeterThread: Thread finished: Thread Group 1-1
2026-06-25 21:19:34,753 INFO o.a.j.e.StandardJMeterEngine: Notifying test listeners of end of test
2026-06-25 21:19:34,754 INFO o.a.j.g.u.JMeterMenuBar: setRunning(false, *local*)
